// Jest Snapshot v1, https://goo.gl/fbAQLP

exports[`component Home should render 1`] = `<Translate(Home) />`;
