// Jest Snapshot v1, https://goo.gl/fbAQLP

exports[`component Example should render 1`] = `<Translate(Example) />`;
