// Jest Snapshot v1, https://goo.gl/fbAQLP

exports[`component Title should render 1`] = `
<div
  className="wrapper"
>
  <h1
    className="title"
  >
    text
  </h1>
</div>
`;
