// Jest Snapshot v1, https://goo.gl/fbAQLP

exports[`component Menu should render 1`] = `<Translate(SwitchLanguage) />`;
